Archive member included to satisfy reference by file (symbol)

C:/ST/STM32CubeIDE_1.15.0/STM32CubeIDE/plugins/com.st.stm32cube.ide.mcu.externaltools.gnu-tools-for-stm32.12.3.rel1.win32_1.0.100.202403111256/tools/bin/../lib/gcc/arm-none-eabi/12.3.1/../../../../arm-none-eabi/lib/thumb/v7e-m+fp/hard\libc_nano.a(libc_a-exit.o)
                              C:/ST/STM32CubeIDE_1.15.0/STM32CubeIDE/plugins/com.st.stm32cube.ide.mcu.externaltools.gnu-tools-for-stm32.12.3.rel1.win32_1.0.100.202403111256/tools/bin/../lib/gcc/arm-none-eabi/12.3.1/../../../../arm-none-eabi/lib/thumb/v7e-m+fp/hard/crt0.o (exit)
C:/ST/STM32CubeIDE_1.15.0/STM32CubeIDE/plugins/com.st.stm32cube.ide.mcu.externaltools.gnu-tools-for-stm32.12.3.rel1.win32_1.0.100.202403111256/tools/bin/../lib/gcc/arm-none-eabi/12.3.1/../../../../arm-none-eabi/lib/thumb/v7e-m+fp/hard\libc_nano.a(libc_a-findfp.o)
                              C:/ST/STM32CubeIDE_1.15.0/STM32CubeIDE/plugins/com.st.stm32cube.ide.mcu.externaltools.gnu-tools-for-stm32.12.3.rel1.win32_1.0.100.202403111256/tools/bin/../lib/gcc/arm-none-eabi/12.3.1/../../../../arm-none-eabi/lib/thumb/v7e-m+fp/hard\libc_nano.a(libc_a-exit.o) (__stdio_exit_handler)
C:/ST/STM32CubeIDE_1.15.0/STM32CubeIDE/plugins/com.st.stm32cube.ide.mcu.externaltools.gnu-tools-for-stm32.12.3.rel1.win32_1.0.100.202403111256/tools/bin/../lib/gcc/arm-none-eabi/12.3.1/../../../../arm-none-eabi/lib/thumb/v7e-m+fp/hard\libc_nano.a(libc_a-fwalk.o)
                              C:/ST/STM32CubeIDE_1.15.0/STM32CubeIDE/plugins/com.st.stm32cube.ide.mcu.externaltools.gnu-tools-for-stm32.12.3.rel1.win32_1.0.100.202403111256/tools/bin/../lib/gcc/arm-none-eabi/12.3.1/../../../../arm-none-eabi/lib/thumb/v7e-m+fp/hard\libc_nano.a(libc_a-findfp.o) (_fwalk_sglue)
C:/ST/STM32CubeIDE_1.15.0/STM32CubeIDE/plugins/com.st.stm32cube.ide.mcu.externaltools.gnu-tools-for-stm32.12.3.rel1.win32_1.0.100.202403111256/tools/bin/../lib/gcc/arm-none-eabi/12.3.1/../../../../arm-none-eabi/lib/thumb/v7e-m+fp/hard\libc_nano.a(libc_a-stdio.o)
                              C:/ST/STM32CubeIDE_1.15.0/STM32CubeIDE/plugins/com.st.stm32cube.ide.mcu.externaltools.gnu-tools-for-stm32.12.3.rel1.win32_1.0.100.202403111256/tools/bin/../lib/gcc/arm-none-eabi/12.3.1/../../../../arm-none-eabi/lib/thumb/v7e-m+fp/hard\libc_nano.a(libc_a-findfp.o) (__sread)
C:/ST/STM32CubeIDE_1.15.0/STM32CubeIDE/plugins/com.st.stm32cube.ide.mcu.externaltools.gnu-tools-for-stm32.12.3.rel1.win32_1.0.100.202403111256/tools/bin/../lib/gcc/arm-none-eabi/12.3.1/../../../../arm-none-eabi/lib/thumb/v7e-m+fp/hard\libc_nano.a(libc_a-vsnprintf.o)
                              ./Core/Src/main.o (vsnprintf)
C:/ST/STM32CubeIDE_1.15.0/STM32CubeIDE/plugins/com.st.stm32cube.ide.mcu.externaltools.gnu-tools-for-stm32.12.3.rel1.win32_1.0.100.202403111256/tools/bin/../lib/gcc/arm-none-eabi/12.3.1/../../../../arm-none-eabi/lib/thumb/v7e-m+fp/hard\libc_nano.a(libc_a-memset.o)
                              C:/ST/STM32CubeIDE_1.15.0/STM32CubeIDE/plugins/com.st.stm32cube.ide.mcu.externaltools.gnu-tools-for-stm32.12.3.rel1.win32_1.0.100.202403111256/tools/bin/../lib/gcc/arm-none-eabi/12.3.1/../../../../arm-none-eabi/lib/thumb/v7e-m+fp/hard/crt0.o (memset)
C:/ST/STM32CubeIDE_1.15.0/STM32CubeIDE/plugins/com.st.stm32cube.ide.mcu.externaltools.gnu-tools-for-stm32.12.3.rel1.win32_1.0.100.202403111256/tools/bin/../lib/gcc/arm-none-eabi/12.3.1/../../../../arm-none-eabi/lib/thumb/v7e-m+fp/hard\libc_nano.a(libc_a-closer.o)
                              C:/ST/STM32CubeIDE_1.15.0/STM32CubeIDE/plugins/com.st.stm32cube.ide.mcu.externaltools.gnu-tools-for-stm32.12.3.rel1.win32_1.0.100.202403111256/tools/bin/../lib/gcc/arm-none-eabi/12.3.1/../../../../arm-none-eabi/lib/thumb/v7e-m+fp/hard\libc_nano.a(libc_a-stdio.o) (_close_r)
C:/ST/STM32CubeIDE_1.15.0/STM32CubeIDE/plugins/com.st.stm32cube.ide.mcu.externaltools.gnu-tools-for-stm32.12.3.rel1.win32_1.0.100.202403111256/tools/bin/../lib/gcc/arm-none-eabi/12.3.1/../../../../arm-none-eabi/lib/thumb/v7e-m+fp/hard\libc_nano.a(libc_a-reent.o)
                              C:/ST/STM32CubeIDE_1.15.0/STM32CubeIDE/plugins/com.st.stm32cube.ide.mcu.externaltools.gnu-tools-for-stm32.12.3.rel1.win32_1.0.100.202403111256/tools/bin/../lib/gcc/arm-none-eabi/12.3.1/../../../../arm-none-eabi/lib/thumb/v7e-m+fp/hard\libc_nano.a(libc_a-closer.o) (errno)
C:/ST/STM32CubeIDE_1.15.0/STM32CubeIDE/plugins/com.st.stm32cube.ide.mcu.externaltools.gnu-tools-for-stm32.12.3.rel1.win32_1.0.100.202403111256/tools/bin/../lib/gcc/arm-none-eabi/12.3.1/../../../../arm-none-eabi/lib/thumb/v7e-m+fp/hard\libc_nano.a(libc_a-impure.o)
                              C:/ST/STM32CubeIDE_1.15.0/STM32CubeIDE/plugins/com.st.stm32cube.ide.mcu.externaltools.gnu-tools-for-stm32.12.3.rel1.win32_1.0.100.202403111256/tools/bin/../lib/gcc/arm-none-eabi/12.3.1/../../../../arm-none-eabi/lib/thumb/v7e-m+fp/hard\libc_nano.a(libc_a-vsnprintf.o) (_impure_ptr)
[...]
Memory Configuration

Name             Origin             Length             Attributes
RAM              0x20000000         0x0001c000         xrw
FLASH            0x08008000         0x00070000         xr
*default*        0x00000000         0xffffffff

Linker script and memory map

LOAD C:/ST/STM32CubeIDE_1.15.0/STM32CubeIDE/plugins/com.st.stm32cube.ide.mcu.externaltools.gnu-tools-for-stm32.12.3.rel1.win32_1.0.100.202403111256/tools/bin/../lib/gcc/arm-none-eabi/12.3.1/thumb/v7e-m+fp/hard/crti.o
LOAD C:/ST/STM32CubeIDE_1.15.0/STM32CubeIDE/plugins/com.st.stm32cube.ide.mcu.externaltools.gnu-tools-for-stm32.12.3.rel1.win32_1.0.100.202403111256/tools/bin/../lib/gcc/arm-none-eabi/12.3.1/thumb/v7e-m+fp/hard/crtbegin.o
LOAD C:/ST/STM32CubeIDE_1.15.0/STM32CubeIDE/plugins/com.st.stm32cube.ide.mcu.externaltools.gnu-tools-for-stm32.12.3.rel1.win32_1.0.100.202403111256/tools/bin/../lib/gcc/arm-none-eabi/12.3.1/../../../../arm-none-eabi/lib/thumb/v7e-m+fp/hard/crt0.o
LOAD ./Core/Src/main.o
LOAD ./Core/Src/stm32g4xx_hal_msp.o
LOAD ./Core/Src/stm32g4xx_it.o
LOAD ./Core/Src/syscalls.o
LOAD ./Core/Src/sysmem.o
LOAD ./Core/Src/system_stm32g4xx.o
LOAD ./Core/Startup/startup_stm32g491retx.o
LOAD ./Drivers/STM32G4xx_HAL_Driver/Src/stm32g4xx_hal.o
LOAD ./Drivers/STM32G4xx_HAL_Driver/Src/stm32g4xx_hal_cortex.o
LOAD ./Drivers/STM32G4xx_HAL_Driver/Src/stm32g4xx_hal_crc.o
LOAD ./Drivers/STM32G4xx_HAL_Driver/Src/stm32g4xx_hal_crc_ex.o
LOAD ./Drivers/STM32G4xx_HAL_Driver/Src/stm32g4xx_hal_dma.o
LOAD ./Drivers/STM32G4xx_HAL_Driver/Src/stm32g4xx_hal_dma_ex.o
LOAD ./Drivers/STM32G4xx_HAL_Driver/Src/stm32g4xx_hal_exti.o
LOAD ./Drivers/STM32G4xx_HAL_Driver/Src/stm32g4xx_hal_flash.o
LOAD ./Drivers/STM32G4xx_HAL_Driver/Src/stm32g4xx_hal_flash_ex.o
LOAD ./Drivers/STM32G4xx_HAL_Driver/Src/stm32g4xx_hal_flash_ramfunc.o
LOAD ./Drivers/STM32G4xx_HAL_Driver/Src/stm32g4xx_hal_gpio.o
LOAD ./Drivers/STM32G4xx_HAL_Driver/Src/stm32g4xx_hal_pwr.o
LOAD ./Drivers/STM32G4xx_HAL_Driver/Src/stm32g4xx_hal_pwr_ex.o
LOAD ./Drivers/STM32G4xx_HAL_Driver/Src/stm32g4xx_hal_rcc.o
LOAD ./Drivers/STM32G4xx_HAL_Driver/Src/stm32g4xx_hal_rcc_ex.o
LOAD ./Drivers/STM32G4xx_HAL_Driver/Src/stm32g4xx_hal_tim.o
LOAD ./Drivers/STM32G4xx_HAL_Driver/Src/stm32g4xx_hal_tim_ex.o
LOAD ./Drivers/STM32G4xx_HAL_Driver/Src/stm32g4xx_hal_uart.o
LOAD ./Drivers/STM32G4xx_HAL_Driver/Src/stm32g4xx_hal_uart_ex.o
START GROUP
LOAD C:/ST/STM32CubeIDE_1.15.0/STM32CubeIDE/plugins/com.st.stm32cube.ide.mcu.externaltools.gnu-tools-for-stm32.12.3.rel1.win32_1.0.100.202403111256/tools/bin/../lib/gcc/arm-none-eabi/12.3.1/../../../../arm-none-eabi/lib/thumb/v7e-m+fp/hard\libc_nano.a
LOAD C:/ST/STM32CubeIDE_1.15.0/STM32CubeIDE/plugins/com.st.stm32cube.ide.mcu.externaltools.gnu-tools-for-stm32.12.3.rel1.win32_1.0.100.202403111256/tools/bin/../lib/gcc/arm-none-eabi/12.3.1/../../../../arm-none-eabi/lib/thumb/v7e-m+fp/hard\libm.a
END GROUP
START GROUP
LOAD C:/ST/STM32CubeIDE_1.15.0/STM32CubeIDE/plugins/com.st.stm32cube.ide.mcu.externaltools.gnu-tools-for-stm32.12.3.rel1.win32_1.0.100.202403111256/tools/bin/../lib/gcc/arm-none-eabi/12.3.1/thumb/v7e-m+fp/hard\libgcc.a
LOAD C:/ST/STM32CubeIDE_1.15.0/STM32CubeIDE/plugins/com.st.stm32cube.ide.mcu.externaltools.gnu-tools-for-stm32.12.3.rel1.win32_1.0.100.202403111256/tools/bin/../lib/gcc/arm-none-eabi/12.3.1/../../../../arm-none-eabi/lib/thumb/v7e-m+fp/hard\libc_nano.a
END GROUP
START GROUP
LOAD C:/ST/STM32CubeIDE_1.15.0/STM32CubeIDE/plugins/com.st.stm32cube.ide.mcu.externaltools.gnu-tools-for-stm32.12.3.rel1.win32_1.0.100.202403111256/tools/bin/../lib/gcc/arm-none-eabi/12.3.1/thumb/v7e-m+fp/hard\libgcc.a
LOAD C:/ST/STM32CubeIDE_1.15.0/STM32CubeIDE/plugins/com.st.stm32cube.ide.mcu.externaltools.gnu-tools-for-stm32.12.3.rel1.win32_1.0.100.202403111256/tools/bin/../lib/gcc/arm-none-eabi/12.3.1/../../../../arm-none-eabi/lib/thumb/v7e-m+fp/hard\libc_nano.a
LOAD C:/ST/STM32CubeIDE_1.15.0/STM32CubeIDE/plugins/com.st.stm32cube.ide.mcu.externaltools.gnu-tools-for-stm32.12.3.rel1.win32_1.0.100.202403111256/tools/bin/../lib/gcc/arm-none-eabi/12.3.1/../../../../arm-none-eabi/lib/thumb/v7e-m+fp/hard\libnosys.a
END GROUP
START GROUP
LOAD C:/ST/STM32CubeIDE_1.15.0/STM32CubeIDE/plugins/com.st.stm32cube.ide.mcu.externaltools.gnu-tools-for-stm32.12.3.rel1.win32_1.0.100.202403111256/tools/bin/../lib/gcc/arm-none-eabi/12.3.1/thumb/v7e-m+fp/hard\libgcc.a
LOAD C:/ST/STM32CubeIDE_1.15.0/STM32CubeIDE/plugins/com.st.stm32cube.ide.mcu.externaltools.gnu-tools-for-stm32.12.3.rel1.win32_1.0.100.202403111256/tools/bin/../lib/gcc/arm-none-eabi/12.3.1/../../../../arm-none-eabi/lib/thumb/v7e-m+fp/hard\libc_nano.a
LOAD C:/ST/STM32CubeIDE_1.15.0/STM32CubeIDE/plugins/com.st.stm32cube.ide.mcu.externaltools.gnu-tools-for-stm32.12.3.rel1.win32_1.0.100.202403111256/tools/bin/../lib/gcc/arm-none-eabi/12.3.1/../../../../arm-none-eabi/lib/thumb/v7e-m+fp/hard\libnosys.a
END GROUP
LOAD C:/ST/STM32CubeIDE_1.15.0/STM32CubeIDE/plugins/com.st.stm32cube.ide.mcu.externaltools.gnu-tools-for-stm32.12.3.rel1.win32_1.0.100.202403111256/tools/bin/../lib/gcc/arm-none-eabi/12.3.1/thumb/v7e-m+fp/hard/crtend.o
LOAD C:/ST/STM32CubeIDE_1.15.0/STM32CubeIDE/plugins/com.st.stm32cube.ide.mcu.externaltools.gnu-tools-for-stm32.12.3.rel1.win32_1.0.100.202403111256/tools/bin/../lib/gcc/arm-none-eabi/12.3.1/thumb/v7e-m+fp/hard/crtn.o
                0x2001c000                        _estack = (ORIGIN (RAM) + LENGTH (RAM))
                0x00000200                        _Min_Heap_Size = 0x200
                0x00000400                        _Min_Stack_Size = 0x400

.isr_vector     0x08008000      0x1d8
                0x08008000                        . = ALIGN (0x4)
 *(.isr_vector)
 .isr_vector    0x08008000      0x1d8 ./Core/Startup/startup_stm32g491retx.o
                0x08008000                g_pfnVectors
                0x080081d8                        . = ALIGN (0x4)

.text           0x080081d8     0x3eb4
                0x080081d8                        . = ALIGN (0x4)
 *(.text)
 .text          0x080081d8       0x40 C:/ST/STM32CubeIDE_1.15.0/STM32CubeIDE/plugins/com.st.stm32cube.ide.mcu.externaltools.gnu-tools-for-stm32.12.3.rel1.win32_1.0.100.202403111256/tools/bin/../lib/gcc/arm-none-eabi/12.3.1/thumb/v7e-m+fp/hard/crtbegin.o
 .text          0x08008218       0x30 C:/ST/STM32CubeIDE_1.15.0/STM32CubeIDE/plugins/com.st.stm32cube.ide.mcu.externaltools.gnu-tools-for-stm32.12.3.rel1.win32_1.0.100.202403111256/tools/bin/../lib/gcc/arm-none-eabi/12.3.1/thumb/v7e-m+fp/hard\libgcc.a(_aeabi_uldivmod.o)
                0x08008218                __aeabi_uldivmod
 .text          0x08008248      0x2bc C:/ST/STM32CubeIDE_1.15.0/STM32CubeIDE/plugins/com.st.stm32cube.ide.mcu.externaltools.gnu-tools-for-stm32.12.3.rel1.win32_1.0.100.202403111256/tools/bin/../lib/gcc/arm-none-eabi/12.3.1/thumb/v7e-m+fp/hard\libgcc.a(_udivmoddi4.o)
                0x08008248                __udivmoddi4
 .text          0x08008504        0x4 C:/ST/STM32CubeIDE_1.15.0/STM32CubeIDE/plugins/com.st.stm32cube.ide.mcu.externaltools.gnu-tools-for-stm32.12.3.rel1.win32_1.0.100.202403111256/tools/bin/../lib/gcc/arm-none-eabi/12.3.1/thumb/v7e-m+fp/hard\libgcc.a(_dvmd_tls.o)
                0x08008504                __aeabi_idiv0
                0x08008504                __aeabi_ldiv0
 *(.text*)
 .text.bootloader_jump_to_user_app
                0x08008508       0x4c ./Core/Src/main.o
                0x08008508                bootloader_jump_to_user_app
 .text.main     0x08008554       0x44 ./Core/Src/main.o
                0x08008554                main
 .text.SystemClock_Config
                0x08008598       0x96 ./Core/Src/main.o
                0x08008598                SystemClock_Config
 *fill*         0x0800862e        0x2 
 .text.MX_CRC_Init
                0x08008630       0x44 ./Core/Src/main.o
 .text.MX_USART2_UART_Init
                0x08008674       0x98 ./Core/Src/main.o
 .text.MX_GPIO_Init
                0x0800870c       0xdc ./Core/Src/main.o
 .text.Error_Handler
                0x080087e8        0xc ./Core/Src/main.o
                0x080087e8                Error_Handler
 .text.bootloader_uart_read_data
                0x080087f4       0xb0 ./Core/Src/main.o
                0x080087f4                bootloader_uart_read_data
 .text.bootloader_handle_getver_cmd
                0x080088a4       0x5e ./Core/Src/main.o
                0x080088a4                bootloader_handle_getver_cmd
 *fill*         0x08008902        0x2 
 .text.bootloader_uart_write_data
                0x08008904       0x28 ./Core/Src/main.o
                0x08008904                bootloader_uart_write_data
 .text.get_bootloader_version
                0x0800892c       0x10 ./Core/Src/main.o
                0x0800892c                get_bootloader_version
 .text.bootloader_send_ack
                0x0800893c       0x34 ./Core/Src/main.o
                0x0800893c                bootloader_send_ack
 .text.bootloader_send_nack
                0x08008970       0x24 ./Core/Src/main.o
                0x08008970                bootloader_send_nack
 .text.bootloader_verify_crc
                0x08008994       0x2c ./Core/Src/main.o
                0x08008994                bootloader_verify_crc
 .text.calculate_crc
                0x080089c0       0x74 ./Core/Src/main.o
                0x080089c0                calculate_crc
 .text.bootloader_handle_getrdp_cmd
                0x08008a34       0x68 ./Core/Src/main.o
                0x08008a34                bootloader_handle_getrdp_cmd
 .text.get_flash_rdp_level
                0x08008a9c       0x26 ./Core/Src/main.o
                0x08008a9c                get_flash_rdp_level
 *fill*         0x08008ac2        0x2 
 .text.bootloader_handle_flash_erase_cmd
                0x08008ac4       0x90 ./Core/Src/main.o
                0x08008ac4                bootloader_handle_flash_erase_cmd
 .text.execute_flash_erase
                0x08008b54       0x8a ./Core/Src/main.o
                0x08008b54                execute_flash_erase
 *fill*         0x08008bde        0x2 
 .text.bootloader_handle_mem_write_cmd
                0x08008be0       0xd0 ./Core/Src/main.o
                0x08008be0                bootloader_handle_mem_write_cmd
 .text.execute_mem_write
                0x08008cb0       0x88 ./Core/Src/main.o
                0x08008cb0                execute_mem_write
 .text.bootloader_handle_go_cmd
                0x08008d38       0x98 ./Core/Src/main.o
                0x08008d38                bootloader_handle_go_cmd
 .text.verify_address
                0x08008dd0       0xa4 ./Core/Src/main.o
                0x08008dd0                verify_address
 .text.HAL_MspInit
                0x08008e74       0x48 ./Core/Src/stm32g4xx_hal_msp.o
                0x08008e74                HAL_MspInit
 .text.HAL_CRC_MspInit
                0x08008ebc       0x40 ./Core/Src/stm32g4xx_hal_msp.o
                0x08008ebc                HAL_CRC_MspInit
 .text.HAL_UART_MspInit
                0x08008efc       0xb0 ./Core/Src/stm32g4xx_hal_msp.o
                0x08008efc                HAL_UART_MspInit
 .text.NMI_Handler
                0x08008fac        0x8 ./Core/Src/stm32g4xx_it.o
                0x08008fac                NMI_Handler
 .text.HardFault_Handler
                0x08008fb4        0x8 ./Core/Src/stm32g4xx_it.o
                0x08008fb4                HardFault_Handler
 .text.MemManage_Handler
                0x08008fbc        0x8 ./Core/Src/stm32g4xx_it.o
                0x08008fbc                MemManage_Handler
 .text.BusFault_Handler
                0x08008fc4        0x8 ./Core/Src/stm32g4xx_it.o
                0x08008fc4                BusFault_Handler
 .text.UsageFault_Handler
                0x08008fcc        0x8 ./Core/Src/stm32g4xx_it.o
                0x08008fcc                UsageFault_Handler
 .text.SVC_Handler
                0x08008fd4        0xe ./Core/Src/stm32g4xx_it.o
                0x08008fd4                SVC_Handler
 .text.DebugMon_Handler
                0x08008fe2        0xe ./Core/Src/stm32g4xx_it.o
                0x08008fe2                DebugMon_Handler
 .text.PendSV_Handler
                0x08008ff0        0xe ./Core/Src/stm32g4xx_it.o
                0x08008ff0                PendSV_Handler
 .text.SysTick_Handler
                0x08008ffe        0xc ./Core/Src/stm32g4xx_it.o
                0x08008ffe                SysTick_Handler
 .text.EXTI15_10_IRQHandler
                0x0800900a       0x10 ./Core/Src/stm32g4xx_it.o
                0x0800900a                EXTI15_10_IRQHandler
 *fill*         0x0800901a        0x2 
 .text.SystemInit
                0x0800901c       0x34 ./Core/Src/system_stm32g4xx.o
                0x0800901c                SystemInit
 .text.Reset_Handler
                0x08009050       0x50 ./Core/Startup/startup_stm32g491retx.o
                0x08009050                Reset_Handler
 .text.Default_Handler
                0x080090a0        0x2 ./Core/Startup/startup_stm32g491retx.o
                0x080090a0                RTC_Alarm_IRQHandler
                0x080090a0                EXTI2_IRQHandler
                0x080090a0                TIM8_TRG_COM_IRQHandler
                0x080090a0                TIM8_CC_IRQHandler
                0x080090a0                TIM1_CC_IRQHandler
                0x080090a0                USB_HP_IRQHandler
                0x080090a0                CORDIC_IRQHandler
                0x080090a0                DMA2_Channel8_IRQHandler
                0x080090a0                EXTI3_IRQHandler
                0x080090a0                I2C3_ER_IRQHandler
                0x080090a0                EXTI0_IRQHandler
                0x080090a0                I2C2_EV_IRQHandler
                0x080090a0                FPU_IRQHandler
                0x080090a0                FDCAN1_IT1_IRQHandler
                0x080090a0                TIM1_UP_TIM16_IRQHandler
                0x080090a0                ADC1_2_IRQHandler
                0x080090a0                SPI1_IRQHandler
                0x080090a0                TIM6_DAC_IRQHandler
                0x080090a0                TIM8_UP_IRQHandler
                0x080090a0                DMA2_Channel2_IRQHandler
                0x080090a0                DMA1_Channel4_IRQHandler
                0x080090a0                TIM20_TRG_COM_IRQHandler
                0x080090a0                USART3_IRQHandler
                0x080090a0                DMA1_Channel7_IRQHandler
                0x080090a0                UART5_IRQHandler
                0x080090a0                ADC3_IRQHandler
                0x080090a0                TIM4_IRQHandler
                0x080090a0                DMA2_Channel1_IRQHandler
                0x080090a0                QUADSPI_IRQHandler
                0x080090a0                I2C1_EV_IRQHandler
                0x080090a0                DMA1_Channel6_IRQHandler
                0x080090a0                UART4_IRQHandler
                0x080090a0                DMA2_Channel4_IRQHandler
                0x080090a0                TIM3_IRQHandler
                0x080090a0                RCC_IRQHandler
                0x080090a0                TIM20_UP_IRQHandler
                0x080090a0                DMA1_Channel1_IRQHandler
                0x080090a0                Default_Handler
                0x080090a0                DMA2_Channel7_IRQHandler
                0x080090a0                RTC_TAMP_LSECSS_IRQHandler
                0x080090a0                FMAC_IRQHandler
                0x080090a0                DMA1_Channel8_IRQHandler
                0x080090a0                TIM7_IRQHandler
                0x080090a0                UCPD1_IRQHandler
                0x080090a0                I2C3_EV_IRQHandler
                0x080090a0                EXTI9_5_IRQHandler
                0x080090a0                RTC_WKUP_IRQHandler
                0x080090a0                PVD_PVM_IRQHandler
                0x080090a0                SPI2_IRQHandler
                0x080090a0                DMA2_Channel5_IRQHandler
                0x080090a0                CRS_IRQHandler
                0x080090a0                DMA1_Channel5_IRQHandler
                0x080090a0                USB_LP_IRQHandler
                0x080090a0                EXTI4_IRQHandler
                0x080090a0                RNG_IRQHandler
                0x080090a0                TIM1_TRG_COM_TIM17_IRQHandler
                0x080090a0                FDCAN2_IT1_IRQHandler
                0x080090a0                DMA1_Channel3_IRQHandler
                0x080090a0                WWDG_IRQHandler
                0x080090a0                FDCAN2_IT0_IRQHandler
                0x080090a0                LPUART1_IRQHandler
                0x080090a0                DMA2_Channel6_IRQHandler
                0x080090a0                FDCAN1_IT0_IRQHandler
                0x080090a0                TIM2_IRQHandler
                0x080090a0                COMP1_2_3_IRQHandler
                0x080090a0                EXTI1_IRQHandler
                0x080090a0                USART2_IRQHandler
                0x080090a0                TIM20_BRK_IRQHandler
                0x080090a0                I2C2_ER_IRQHandler
                0x080090a0                DMA1_Channel2_IRQHandler
                0x080090a0                TIM8_BRK_IRQHandler
                0x080090a0                FLASH_IRQHandler
                0x080090a0                TIM20_CC_IRQHandler
                0x080090a0                USART1_IRQHandler
                0x080090a0                SPI3_IRQHandler
                0x080090a0                I2C1_ER_IRQHandler
                0x080090a0                LPTIM1_IRQHandler
                0x080090a0                DMAMUX_OVR_IRQHandler
                0x080090a0                USBWakeUp_IRQHandler
                0x080090a0                SAI1_IRQHandler
                0x080090a0                DMA2_Channel3_IRQHandler
                0x080090a0                COMP4_IRQHandler
                0x080090a0                TIM1_BRK_TIM15_IRQHandler
 .text.HAL_Init
                0x080090a2       0x30 ./Drivers/STM32G4xx_HAL_Driver/Src/stm32g4xx_hal.o
                0x080090a2                HAL_Init
 *fill*         0x080090d2        0x2 
 .text.HAL_InitTick
                0x080090d4       0x74 ./Drivers/STM32G4xx_HAL_Driver/Src/stm32g4xx_hal.o
                0x080090d4                HAL_InitTick
 .text.HAL_IncTick
                0x08009148       0x24 ./Drivers/STM32G4xx_HAL_Driver/Src/stm32g4xx_hal.o
                0x08009148                HAL_IncTick
 .text.HAL_GetTick
                0x0800916c       0x18 ./Drivers/STM32G4xx_HAL_Driver/Src/stm32g4xx_hal.o
                0x0800916c                HAL_GetTick
 .text.__NVIC_SetPriorityGrouping
                0x08009184       0x48 ./Drivers/STM32G4xx_HAL_Driver/Src/stm32g4xx_hal_cortex.o
 .text.__NVIC_GetPriorityGrouping
                0x080091cc       0x1c ./Drivers/STM32G4xx_HAL_Driver/Src/stm32g4xx_hal_cortex.o
 .text.__NVIC_EnableIRQ
                0x080091e8       0x3c ./Drivers/STM32G4xx_HAL_Driver/Src/stm32g4xx_hal_cortex.o
 .text.__NVIC_SetPriority
                0x08009224       0x54 ./Drivers/STM32G4xx_HAL_Driver/Src/stm32g4xx_hal_cortex.o
 .text.NVIC_EncodePriority
                0x08009278       0x66 ./Drivers/STM32G4xx_HAL_Driver/Src/stm32g4xx_hal_cortex.o
 *fill*         0x080092de        0x2 
 .text.SysTick_Config
                0x080092e0       0x44 ./Drivers/STM32G4xx_HAL_Driver/Src/stm32g4xx_hal_cortex.o
 .text.HAL_NVIC_SetPriorityGrouping
                0x08009324       0x16 ./Drivers/STM32G4xx_HAL_Driver/Src/stm32g4xx_hal_cortex.o
                0x08009324                HAL_NVIC_SetPriorityGrouping
 .text.HAL_NVIC_SetPriority
                0x0800933a       0x34 ./Drivers/STM32G4xx_HAL_Driver/Src/stm32g4xx_hal_cortex.o
                0x0800933a                HAL_NVIC_SetPriority
 .text.HAL_NVIC_EnableIRQ
                0x0800936e       0x1c ./Drivers/STM32G4xx_HAL_Driver/Src/stm32g4xx_hal_cortex.o
                0x0800936e                HAL_NVIC_EnableIRQ
 .text.HAL_SYSTICK_Config
                0x0800938a       0x18 ./Drivers/STM32G4xx_HAL_Driver/Src/stm32g4xx_hal_cortex.o
                0x0800938a                HAL_SYSTICK_Config
 *fill*         0x080093a2        0x2 
 .text.HAL_CRC_Init
                0x080093a4       0xc8 ./Drivers/STM32G4xx_HAL_Driver/Src/stm32g4xx_hal_crc.o
                0x080093a4                HAL_CRC_Init
 .text.HAL_CRCEx_Polynomial_Set
                0x0800946c      0x11c ./Drivers/STM32G4xx_HAL_Driver/Src/stm32g4xx_hal_crc_ex.o
                0x0800946c                HAL_CRCEx_Polynomial_Set
 .text.HAL_FLASH_Program
                0x08009588       0xd8 ./Drivers/STM32G4xx_HAL_Driver/Src/stm32g4xx_hal_flash.o
                0x08009588                HAL_FLASH_Program
 .text.HAL_FLASH_Unlock
                0x08009660       0x44 ./Drivers/STM32G4xx_HAL_Driver/Src/stm32g4xx_hal_flash.o
                0x08009660                HAL_FLASH_Unlock
 .text.HAL_FLASH_Lock
                0x080096a4       0x34 ./Drivers/STM32G4xx_HAL_Driver/Src/stm32g4xx_hal_flash.o
                0x080096a4                HAL_FLASH_Lock
 .text.FLASH_WaitForLastOperation
                0x080096d8       0xa4 ./Drivers/STM32G4xx_HAL_Driver/Src/stm32g4xx_hal_flash.o
                0x080096d8                FLASH_WaitForLastOperation
 .text.FLASH_Program_DoubleWord
                0x0800977c       0x4c ./Drivers/STM32G4xx_HAL_Driver/Src/stm32g4xx_hal_flash.o
 .text.FLASH_Program_Fast
                0x080097c8       0x6c ./Drivers/STM32G4xx_HAL_Driver/Src/stm32g4xx_hal_flash.o
 .text.HAL_FLASHEx_Erase
                0x08009834      0x134 ./Drivers/STM32G4xx_HAL_Driver/Src/stm32g4xx_hal_flash_ex.o
                0x08009834                HAL_FLASHEx_Erase
 .text.HAL_FLASHEx_OBGetConfig
                0x08009968       0xbe ./Drivers/STM32G4xx_HAL_Driver/Src/stm32g4xx_hal_flash_ex.o
                0x08009968                HAL_FLASHEx_OBGetConfig
 *fill*         0x08009a26        0x2 
 .text.FLASH_MassErase
                0x08009a28       0x3c ./Drivers/STM32G4xx_HAL_Driver/Src/stm32g4xx_hal_flash_ex.o
 .text.FLASH_PageErase
                0x08009a64       0x48 ./Drivers/STM32G4xx_HAL_Driver/Src/stm32g4xx_hal_flash_ex.o
                0x08009a64                FLASH_PageErase
 .text.FLASH_FlushCaches
                0x08009aac       0x94 ./Drivers/STM32G4xx_HAL_Driver/Src/stm32g4xx_hal_flash_ex.o
                0x08009aac                FLASH_FlushCaches
 .text.FLASH_OB_GetSecMem
                0x08009b40       0x2c ./Drivers/STM32G4xx_HAL_Driver/Src/stm32g4xx_hal_flash_ex.o
 .text.FLASH_OB_GetBootLock
                0x08009b6c       0x1c ./Drivers/STM32G4xx_HAL_Driver/Src/stm32g4xx_hal_flash_ex.o
 .text.FLASH_OB_GetWRP
                0x08009b88       0x60 ./Drivers/STM32G4xx_HAL_Driver/Src/stm32g4xx_hal_flash_ex.o
 .text.FLASH_OB_GetRDP
                0x08009be8       0x30 ./Drivers/STM32G4xx_HAL_Driver/Src/stm32g4xx_hal_flash_ex.o
 .text.FLASH_OB_GetUser
                0x08009c18       0x28 ./Drivers/STM32G4xx_HAL_Driver/Src/stm32g4xx_hal_flash_ex.o
 .text.FLASH_OB_GetPCROP
                0x08009c40       0x6c ./Drivers/STM32G4xx_HAL_Driver/Src/stm32g4xx_hal_flash_ex.o
 .text.HAL_GPIO_Init
                0x08009cac      0x304 ./Drivers/STM32G4xx_HAL_Driver/Src/stm32g4xx_hal_gpio.o
                0x08009cac                HAL_GPIO_Init
 .text.HAL_GPIO_ReadPin
                0x08009fb0       0x30 ./Drivers/STM32G4xx_HAL_Driver/Src/stm32g4xx_hal_gpio.o
                0x08009fb0                HAL_GPIO_ReadPin
 .text.HAL_GPIO_WritePin
                0x08009fe0       0x30 ./Drivers/STM32G4xx_HAL_Driver/Src/stm32g4xx_hal_gpio.o
                0x08009fe0                HAL_GPIO_WritePin
 .text.HAL_GPIO_EXTI_IRQHandler
                0x0800a010       0x30 ./Drivers/STM32G4xx_HAL_Driver/Src/stm32g4xx_hal_gpio.o
                0x0800a010                HAL_GPIO_EXTI_IRQHandler
 .text.HAL_GPIO_EXTI_Callback
                0x0800a040       0x16 ./Drivers/STM32G4xx_HAL_Driver/Src/stm32g4xx_hal_gpio.o
                0x0800a040                HAL_GPIO_EXTI_Callback
 *fill*         0x0800a056        0x2 
 .text.HAL_PWREx_ControlVoltageScaling
                0x0800a058      0x148 ./Drivers/STM32G4xx_HAL_Driver/Src/stm32g4xx_hal_pwr_ex.o
                0x0800a058                HAL_PWREx_ControlVoltageScaling
 .text.HAL_PWREx_DisableUCPDDeadBattery
                0x0800a1a0       0x20 ./Drivers/STM32G4xx_HAL_Driver/Src/stm32g4xx_hal_pwr_ex.o
                0x0800a1a0                HAL_PWREx_DisableUCPDDeadBattery
 .text.HAL_RCC_OscConfig
                0x0800a1c0      0x624 ./Drivers/STM32G4xx_HAL_Driver/Src/stm32g4xx_hal_rcc.o
                0x0800a1c0                HAL_RCC_OscConfig
 .text.HAL_RCC_ClockConfig
                0x0800a7e4      0x278 ./Drivers/STM32G4xx_HAL_Driver/Src/stm32g4xx_hal_rcc.o
                0x0800a7e4                HAL_RCC_ClockConfig
 .text.HAL_RCC_GetSysClockFreq
                0x0800aa5c       0xc4 ./Drivers/STM32G4xx_HAL_Driver/Src/stm32g4xx_hal_rcc.o
                0x0800aa5c                HAL_RCC_GetSysClockFreq
 .text.HAL_RCC_GetHCLKFreq
                0x0800ab20       0x18 ./Drivers/STM32G4xx_HAL_Driver/Src/stm32g4xx_hal_rcc.o
                0x0800ab20                HAL_RCC_GetHCLKFreq
 .text.HAL_RCC_GetPCLK1Freq
                0x0800ab38       0x2c ./Drivers/STM32G4xx_HAL_Driver/Src/stm32g4xx_hal_rcc.o
                0x0800ab38                HAL_RCC_GetPCLK1Freq
 .text.HAL_RCC_GetPCLK2Freq
                0x0800ab64       0x2c ./Drivers/STM32G4xx_HAL_Driver/Src/stm32g4xx_hal_rcc.o
                0x0800ab64                HAL_RCC_GetPCLK2Freq
 .text.RCC_GetSysClockFreqFromPLLSource
                0x0800ab90       0x8c ./Drivers/STM32G4xx_HAL_Driver/Src/stm32g4xx_hal_rcc.o
 .text.HAL_RCCEx_PeriphCLKConfig
                0x0800ac1c      0x478 ./Drivers/STM32G4xx_HAL_Driver/Src/stm32g4xx_hal_rcc_ex.o
                0x0800ac1c                HAL_RCCEx_PeriphCLKConfig
 .text.HAL_UART_Init
                0x0800b094       0xa0 ./Drivers/STM32G4xx_HAL_Driver/Src/stm32g4xx_hal_uart.o
                0x0800b094                HAL_UART_Init
 .text.HAL_UART_Transmit
                0x0800b134      0x11c ./Drivers/STM32G4xx_HAL_Driver/Src/stm32g4xx_hal_uart.o
                0x0800b134                HAL_UART_Transmit
 .text.HAL_UART_Receive
                0x0800b250      0x190 ./Drivers/STM32G4xx_HAL_Driver/Src/stm32g4xx_hal_uart.o
                0x0800b250                HAL_UART_Receive
 .text.UART_SetConfig
                0x0800b3e0      0x5f8 ./Drivers/STM32G4xx_HAL_Driver/Src/stm32g4xx_hal_uart.o
                0x0800b3e0                UART_SetConfig
 .text.UART_AdvFeatureConfig
                0x0800b9d8      0x144 ./Drivers/STM32G4xx_HAL_Driver/Src/stm32g4xx_hal_uart.o
                0x0800b9d8                UART_AdvFeatureConfig
 .text.UART_CheckIdleState
                0x0800bb1c      0x154 ./Drivers/STM32G4xx_HAL_Driver/Src/stm32g4xx_hal_uart.o
                0x0800bb1c                UART_CheckIdleState
 .text.UART_WaitOnFlagUntilTimeout
                0x0800bc70       0xda ./Drivers/STM32G4xx_HAL_Driver/Src/stm32g4xx_hal_uart.o
                0x0800bc70                UART_WaitOnFlagUntilTimeout
 .text.UART_EndRxTransfer
                0x0800bd4a       0xcc ./Drivers/STM32G4xx_HAL_Driver/Src/stm32g4xx_hal_uart.o
 .text.HAL_UARTEx_DisableFifoMode
                0x0800be16       0x72 ./Drivers/STM32G4xx_HAL_Driver/Src/stm32g4xx_hal_uart_ex.o
                0x0800be16                HAL_UARTEx_DisableFifoMode
 .text.HAL_UARTEx_SetTxFifoThreshold
                0x0800be88       0x7c ./Drivers/STM32G4xx_HAL_Driver/Src/stm32g4xx_hal_uart_ex.o
                0x0800be88                HAL_UARTEx_SetTxFifoThreshold
 .text.HAL_UARTEx_SetRxFifoThreshold
                0x0800bf04       0x7c ./Drivers/STM32G4xx_HAL_Driver/Src/stm32g4xx_hal_uart_ex.o
                0x0800bf04                HAL_UARTEx_SetRxFifoThreshold
 .text.UARTEx_SetNbDataToProcess
                0x0800bf80       0x9c ./Drivers/STM32G4xx_HAL_Driver/Src/stm32g4xx_hal_uart_ex.o
 .text.memset   0x0800c01c       0x10 C:/ST/STM32CubeIDE_1.15.0/STM32CubeIDE/plugins/com.st.stm32cube.ide.mcu.externaltools.gnu-tools-for-stm32.12.3.rel1.win32_1.0.100.202403111256/tools/bin/../lib/gcc/arm-none-eabi/12.3.1/../../../../arm-none-eabi/lib/thumb/v7e-m+fp/hard\libc_nano.a(libc_a-memset.o)
                0x0800c01c                memset
 .text.__libc_init_array
                0x0800c02c       0x48 C:/ST/STM32CubeIDE_1.15.0/STM32CubeIDE/plugins/com.st.stm32cube.ide.mcu.externaltools.gnu-tools-for-stm32.12.3.rel1.win32_1.0.100.202403111256/tools/bin/../lib/gcc/arm-none-eabi/12.3.1/../../../../arm-none-eabi/lib/thumb/v7e-m+fp/hard\libc_nano.a(libc_a-init.o)
                0x0800c02c                __libc_init_array
 *(.glue_7)
 .glue_7        0x0800c074        0x0 linker stubs
 *(.glue_7t)
 .glue_7t       0x0800c074        0x0 linker stubs
 *(.eh_frame)
 .eh_frame      0x0800c074        0x0 C:/ST/STM32CubeIDE_1.15.0/STM32CubeIDE/plugins/com.st.stm32cube.ide.mcu.externaltools.gnu-tools-for-stm32.12.3.rel1.win32_1.0.100.202403111256/tools/bin/../lib/gcc/arm-none-eabi/12.3.1/thumb/v7e-m+fp/hard/crtbegin.o
 *(.init)
 .init          0x0800c074        0x4 C:/ST/STM32CubeIDE_1.15.0/STM32CubeIDE/plugins/com.st.stm32cube.ide.mcu.externaltools.gnu-tools-for-stm32.12.3.rel1.win32_1.0.100.202403111256/tools/bin/../lib/gcc/arm-none-eabi/12.3.1/thumb/v7e-m+fp/hard/crti.o
                0x0800c074                _init
 .init          0x0800c078        0x8 C:/ST/STM32CubeIDE_1.15.0/STM32CubeIDE/plugins/com.st.stm32cube.ide.mcu.externaltools.gnu-tools-for-stm32.12.3.rel1.win32_1.0.100.202403111256/tools/bin/../lib/gcc/arm-none-eabi/12.3.1/thumb/v7e-m+fp/hard/crtn.o
 *(.fini)
 .fini          0x0800c080        0x4 C:/ST/STM32CubeIDE_1.15.0/STM32CubeIDE/plugins/com.st.stm32cube.ide.mcu.externaltools.gnu-tools-for-stm32.12.3.rel1.win32_1.0.100.202403111256/tools/bin/../lib/gcc/arm-none-eabi/12.3.1/thumb/v7e-m+fp/hard/crti.o
                0x0800c080                _fini
 .fini          0x0800c084        0x8 C:/ST/STM32CubeIDE_1.15.0/STM32CubeIDE/plugins/com.st.stm32cube.ide.mcu.externaltools.gnu-tools-for-stm32.12.3.rel1.win32_1.0.100.202403111256/tools/bin/../lib/gcc/arm-none-eabi/12.3.1/thumb/v7e-m+fp/hard/crtn.o
                0x0800c08c                        . = ALIGN (0x4)
                0x0800c08c                        _etext = .

.vfp11_veneer   0x0800c08c        0x0
 .vfp11_veneer  0x0800c08c        0x0 linker stubs

.v4_bx          0x0800c08c        0x0
 .v4_bx         0x0800c08c        0x0 linker stubs

.iplt           0x0800c08c        0x0
 .iplt          0x0800c08c        0x0 C:/ST/STM32CubeIDE_1.15.0/STM32CubeIDE/plugins/com.st.stm32cube.ide.mcu.externaltools.gnu-tools-for-stm32.12.3.rel1.win32_1.0.100.202403111256/tools/bin/../lib/gcc/arm-none-eabi/12.3.1/thumb/v7e-m+fp/hard/crtbegin.o

.rodata         0x0800c08c       0x40
                0x0800c08c                        . = ALIGN (0x4)
 *(.rodata)
 *(.rodata*)
 .rodata.AHBPrescTable
                0x0800c08c       0x10 ./Core/Src/system_stm32g4xx.o
                0x0800c08c                AHBPrescTable
 .rodata.APBPrescTable
                0x0800c09c        0x8 ./Core/Src/system_stm32g4xx.o
                0x0800c09c                APBPrescTable
 .rodata.UARTPrescTable
                0x0800c0a4       0x18 ./Drivers/STM32G4xx_HAL_Driver/Src/stm32g4xx_hal_uart.o
                0x0800c0a4                UARTPrescTable
 .rodata.numerator.1
                0x0800c0bc        0x8 ./Drivers/STM32G4xx_HAL_Driver/Src/stm32g4xx_hal_uart_ex.o
 .rodata.denominator.0
                0x0800c0c4        0x8 ./Drivers/STM32G4xx_HAL_Driver/Src/stm32g4xx_hal_uart_ex.o
                0x0800c0cc                        . = ALIGN (0x4)

.ARM.extab      0x0800c0cc        0x0
                0x0800c0cc                        . = ALIGN (0x4)
 *(.ARM.extab* .gnu.linkonce.armextab.*)
                0x0800c0cc                        . = ALIGN (0x4)

.ARM            0x0800c0cc        0x8
                0x0800c0cc                        . = ALIGN (0x4)
                0x0800c0cc                        __exidx_start = .
 *(.ARM.exidx*)
 .ARM.exidx     0x0800c0cc        0x8 C:/ST/STM32CubeIDE_1.15.0/STM32CubeIDE/plugins/com.st.stm32cube.ide.mcu.externaltools.gnu-tools-for-stm32.12.3.rel1.win32_1.0.100.202403111256/tools/bin/../lib/gcc/arm-none-eabi/12.3.1/thumb/v7e-m+fp/hard\libgcc.a(_udivmoddi4.o)
                0x0800c0d4                        __exidx_end = .
                0x0800c0d4                        . = ALIGN (0x4)

.preinit_array  0x0800c0d4        0x0
                0x0800c0d4                        . = ALIGN (0x4)
                0x0800c0d4                        PROVIDE (__preinit_array_start = .)
 *(.preinit_array*)
                0x0800c0d4                        PROVIDE (__preinit_array_end = .)
                0x0800c0d4                        . = ALIGN (0x4)

.init_array     0x0800c0d4        0x4
                0x0800c0d4                        . = ALIGN (0x4)
                0x0800c0d4                        PROVIDE (__init_array_start = .)
 *(SORT_BY_NAME(.init_array.*))
 *(.init_array*)
 .init_array    0x0800c0d4        0x4 C:/ST/STM32CubeIDE_1.15.0/STM32CubeIDE/plugins/com.st.stm32cube.ide.mcu.externaltools.gnu-tools-for-stm32.12.3.rel1.win32_1.0.100.202403111256/tools/bin/../lib/gcc/arm-none-eabi/12.3.1/thumb/v7e-m+fp/hard/crtbegin.o
                0x0800c0d8                        PROVIDE (__init_array_end = .)
                0x0800c0d8                        . = ALIGN (0x4)

.fini_array     0x0800c0d8        0x4
                0x0800c0d8                        . = ALIGN (0x4)
                [!provide]                        PROVIDE (__fini_array_start = .)
 *(SORT_BY_NAME(.fini_array.*))
 *(.fini_array*)
 .fini_array    0x0800c0d8        0x4 C:/ST/STM32CubeIDE_1.15.0/STM32CubeIDE/plugins/com.st.stm32cube.ide.mcu.externaltools.gnu-tools-for-stm32.12.3.rel1.win32_1.0.100.202403111256/tools/bin/../lib/gcc/arm-none-eabi/12.3.1/thumb/v7e-m+fp/hard/crtbegin.o
                [!provide]                        PROVIDE (__fini_array_end = .)
                0x0800c0dc                        . = ALIGN (0x4)
                0x0800c0dc                        _sidata = LOADADDR (.data)

.rel.dyn        0x0800c0dc        0x0
 .rel.iplt      0x0800c0dc        0x0 C:/ST/STM32CubeIDE_1.15.0/STM32CubeIDE/plugins/com.st.stm32cube.ide.mcu.externaltools.gnu-tools-for-stm32.12.3.rel1.win32_1.0.100.202403111256/tools/bin/../lib/gcc/arm-none-eabi/12.3.1/thumb/v7e-m+fp/hard/crtbegin.o

.data           0x20000000       0x2c load address 0x0800c0dc
                0x20000000                        . = ALIGN (0x4)
                0x20000000                        _sdata = .
 *(.data)
 *(.data*)
 .data.SystemCoreClock
                0x20000000        0x4 ./Core/Src/system_stm32g4xx.o
                0x20000000                SystemCoreClock
 .data.uwTickPrio
                0x20000004        0x4 ./Drivers/STM32G4xx_HAL_Driver/Src/stm32g4xx_hal.o
                0x20000004                uwTickPrio
 .data.uwTickFreq
                0x20000008        0x4 ./Drivers/STM32G4xx_HAL_Driver/Src/stm32g4xx_hal.o
                0x20000008                uwTickFreq
 .data.pFlash   0x2000000c       0x20 ./Drivers/STM32G4xx_HAL_Driver/Src/stm32g4xx_hal_flash.o
                0x2000000c                pFlash
 *(.RamFunc)
 *(.RamFunc*)
                0x2000002c                        . = ALIGN (0x4)
                0x2000002c                        _edata = .

.igot.plt       0x2000002c        0x0 load address 0x0800c108
 .igot.plt      0x2000002c        0x0 C:/ST/STM32CubeIDE_1.15.0/STM32CubeIDE/plugins/com.st.stm32cube.ide.mcu.externaltools.gnu-tools-for-stm32.12.3.rel1.win32_1.0.100.202403111256/tools/bin/../lib/gcc/arm-none-eabi/12.3.1/thumb/v7e-m+fp/hard/crtbegin.o
                0x2000002c                        . = ALIGN (0x4)

.bss            0x2000002c      0x1a0 load address 0x0800c108
                0x2000002c                        _sbss = .
                0x2000002c                        __bss_start__ = _sbss
 *(.bss)
 .bss           0x2000002c       0x1c C:/ST/STM32CubeIDE_1.15.0/STM32CubeIDE/plugins/com.st.stm32cube.ide.mcu.externaltools.gnu-tools-for-stm32.12.3.rel1.win32_1.0.100.202403111256/tools/bin/../lib/gcc/arm-none-eabi/12.3.1/thumb/v7e-m+fp/hard/crtbegin.o
 *(.bss*)
 .bss.bl_rx_buffer
                0x20000048       0xc8 ./Core/Src/main.o
                0x20000048                bl_rx_buffer
 .bss.hcrc      0x20000110       0x24 ./Core/Src/main.o
                0x20000110                hcrc
 .bss.huart2    0x20000134       0x94 ./Core/Src/main.o
                0x20000134                huart2
 .bss.uwTick    0x200001c8        0x4 ./Drivers/STM32G4xx_HAL_Driver/Src/stm32g4xx_hal.o
                0x200001c8                uwTick
 *(COMMON)
                0x200001cc                        . = ALIGN (0x4)
                0x200001cc                        _ebss = .
                0x200001cc                        __bss_end__ = _ebss

._user_heap_stack
                0x200001cc      0x604 load address 0x0800c108
                0x200001d0                        . = ALIGN (0x8)
 *fill*         0x200001cc        0x4 
                [!provide]                        PROVIDE (end = .)
                0x200001d0                        PROVIDE (_end = .)
                0x200003d0                        . = (. + _Min_Heap_Size)
 *fill*         0x200001d0      0x200 
                0x200007d0                        . = (. + _Min_Stack_Size)
 *fill*         0x200003d0      0x400 
                0x200007d0                        . = ALIGN (0x8)

/DISCARD/
 libc.a(*)
 libm.a(*)
 libgcc.a(*)

.ARM.attributes
                0x00000000       0x30
 *(.ARM.attributes)
 .ARM.attributes
                0x00000000       0x22 C:/ST/STM32CubeIDE_1.15.0/STM32CubeIDE/plugins/com.st.stm32cube.ide.mcu.externaltools.gnu-tools-for-stm32.12.3.rel1.win32_1.0.100.202403111256/tools/bin/../lib/gcc/arm-none-eabi/12.3.1/thumb/v7e-m+fp/hard/crti.o
 .ARM.attributes
                0x00000022       0x34 C:/ST/STM32CubeIDE_1.15.0/STM32CubeIDE/plugins/com.st.stm32cube.ide.mcu.externaltools.gnu-tools-for-stm32.12.3.rel1.win32_1.0.100.202403111256/tools/bin/../lib/gcc/arm-none-eabi/12.3.1/thumb/v7e-m+fp/hard/crtbegin.o
 .ARM.attributes
                0x00000056       0x34 ./Core/Src/main.o
 .ARM.attributes
                0x0000008a       0x34 ./Core/Src/stm32g4xx_hal_msp.o
 .ARM.attributes
                0x000000be       0x34 ./Core/Src/stm32g4xx_it.o
 .ARM.attributes
                0x000000f2       0x34 ./Core/Src/system_stm32g4xx.o
 .ARM.attributes
                0x00000126       0x21 ./Core/Startup/startup_stm32g491retx.o
 .ARM.attributes
                0x00000147       0x34 ./Drivers/STM32G4xx_HAL_Driver/Src/stm32g4xx_hal.o
 .ARM.attributes
                0x0000017b       0x34 ./Drivers/STM32G4xx_HAL_Driver/Src/stm32g4xx_hal_cortex.o
 .ARM.attributes
                0x000001af       0x34 ./Drivers/STM32G4xx_HAL_Driver/Src/stm32g4xx_hal_crc.o
 .ARM.attributes
                0x000001e3       0x34 ./Drivers/STM32G4xx_HAL_Driver/Src/stm32g4xx_hal_crc_ex.o
 .ARM.attributes
                0x00000217       0x34 ./Drivers/STM32G4xx_HAL_Driver/Src/stm32g4xx_hal_flash.o
 .ARM.attributes
                0x0000024b       0x34 ./Drivers/STM32G4xx_HAL_Driver/Src/stm32g4xx_hal_flash_ex.o
 .ARM.attributes
                0x0000027f       0x34 ./Drivers/STM32G4xx_HAL_Driver/Src/stm32g4xx_hal_gpio.o
 .ARM.attributes
                0x000002b3       0x34 ./Drivers/STM32G4xx_HAL_Driver/Src/stm32g4xx_hal_pwr_ex.o
 .ARM.attributes
                0x000002e7       0x34 ./Drivers/STM32G4xx_HAL_Driver/Src/stm32g4xx_hal_rcc.o
 .ARM.attributes
                0x0000031b       0x34 ./Drivers/STM32G4xx_HAL_Driver/Src/stm32g4xx_hal_rcc_ex.o
 .ARM.attributes
                0x0000034f       0x34 ./Drivers/STM32G4xx_HAL_Driver/Src/stm32g4xx_hal_uart.o
 .ARM.attributes
                0x00000383       0x34 ./Drivers/STM32G4xx_HAL_Driver/Src/stm32g4xx_hal_uart_ex.o
 .ARM.attributes
                0x000003b7       0x34 C:/ST/STM32CubeIDE_1.15.0/STM32CubeIDE/plugins/com.st.stm32cube.ide.mcu.externaltools.gnu-tools-for-stm32.12.3.rel1.win32_1.0.100.202403111256/tools/bin/../lib/gcc/arm-none-eabi/12.3.1/../../../../arm-none-eabi/lib/thumb/v7e-m+fp/hard\libc_nano.a(libc_a-memset.o)
 .ARM.attributes
                0x000003eb       0x34 C:/ST/STM32CubeIDE_1.15.0/STM32CubeIDE/plugins/com.st.stm32cube.ide.mcu.externaltools.gnu-tools-for-stm32.12.3.rel1.win32_1.0.100.202403111256/tools/bin/../lib/gcc/arm-none-eabi/12.3.1/../../../../arm-none-eabi/lib/thumb/v7e-m+fp/hard\libc_nano.a(libc_a-init.o)
 .ARM.attributes
                0x0000041f       0x22 C:/ST/STM32CubeIDE_1.15.0/STM32CubeIDE/plugins/com.st.stm32cube.ide.mcu.externaltools.gnu-tools-for-stm32.12.3.rel1.win32_1.0.100.202403111256/tools/bin/../lib/gcc/arm-none-eabi/12.3.1/thumb/v7e-m+fp/hard\libgcc.a(_aeabi_uldivmod.o)
 .ARM.attributes
                0x00000441       0x34 C:/ST/STM32CubeIDE_1.15.0/STM32CubeIDE/plugins/com.st.stm32cube.ide.mcu.externaltools.gnu-tools-for-stm32.12.3.rel1.win32_1.0.100.202403111256/tools/bin/../lib/gcc/arm-none-eabi/12.3.1/thumb/v7e-m+fp/hard\libgcc.a(_udivmoddi4.o)
 .ARM.attributes
                0x00000475       0x22 C:/ST/STM32CubeIDE_1.15.0/STM32CubeIDE/plugins/com.st.stm32cube.ide.mcu.externaltools.gnu-tools-for-stm32.12.3.rel1.win32_1.0.100.202403111256/tools/bin/../lib/gcc/arm-none-eabi/12.3.1/thumb/v7e-m+fp/hard\libgcc.a(_dvmd_tls.o)
 .ARM.attributes
                0x00000497       0x22 C:/ST/STM32CubeIDE_1.15.0/STM32CubeIDE/plugins/com.st.stm32cube.ide.mcu.externaltools.gnu-tools-for-stm32.12.3.rel1.win32_1.0.100.202403111256/tools/bin/../lib/gcc/arm-none-eabi/12.3.1/thumb/v7e-m+fp/hard/crtn.o
OUTPUT(Bootloader.elf elf32-littlearm)
LOAD linker stubs
LOAD C:/ST/STM32CubeIDE_1.15.0/STM32CubeIDE/plugins/com.st.stm32cube.ide.mcu.externaltools.gnu-tools-for-stm32.12.3.rel1.win32_1.0.100.202403111256/tools/bin/../lib/gcc/arm-none-eabi/12.3.1/../../../../arm-none-eabi/lib/thumb/v7e-m+fp/hard\libc.a
LOAD C:/ST/STM32CubeIDE_1.15.0/STM32CubeIDE/plugins/com.st.stm32cube.ide.mcu.externaltools.gnu-tools-for-stm32.12.3.rel1.win32_1.0.100.202403111256/tools/bin/../lib/gcc/arm-none-eabi/12.3.1/../../../../arm-none-eabi/lib/thumb/v7e-m+fp/hard\libm.a
LOAD C:/ST/STM32CubeIDE_1.15.0/STM32CubeIDE/plugins/com.st.stm32cube.ide.mcu.externaltools.gnu-tools-for-stm32.12.3.rel1.win32_1.0.100.202403111256/tools/bin/../lib/gcc/arm-none-eabi/12.3.1/thumb/v7e-m+fp/hard\libgcc.a

.debug_info     0x00000000     0xe2b1
 .debug_info    0x00000000     0x1c17 ./Core/Src/main.o
 .debug_info    0x00001c17      0xf2c ./Core/Src/stm32g4xx_hal_msp.o
 .debug_info    0x00002b43      0x14c ./Core/Src/stm32g4xx_it.o
 .debug_info    0x00002c8f      0x58e ./Core/Src/system_stm32g4xx.o
 .debug_info    0x0000321d       0x30 ./Core/Startup/startup_stm32g491retx.o
 .debug_info    0x0000324d      0xb29 ./Drivers/STM32G4xx_HAL_Driver/Src/stm32g4xx_hal.o
 .debug_info    0x00003d76      0xd41 ./Drivers/STM32G4xx_HAL_Driver/Src/stm32g4xx_hal_cortex.o
 .debug_info    0x00004ab7      0x513 ./Drivers/STM32G4xx_HAL_Driver/Src/stm32g4xx_hal_crc.o
 .debug_info    0x00004fca      0x326 ./Drivers/STM32G4xx_HAL_Driver/Src/stm32g4xx_hal_crc_ex.o
 .debug_info    0x000052f0      0x6c2 ./Drivers/STM32G4xx_HAL_Driver/Src/stm32g4xx_hal_flash.o
 .debug_info    0x000059b2      0x8a7 ./Drivers/STM32G4xx_HAL_Driver/Src/stm32g4xx_hal_flash_ex.o
 .debug_info    0x00006259      0x763 ./Drivers/STM32G4xx_HAL_Driver/Src/stm32g4xx_hal_gpio.o
 .debug_info    0x000069bc      0x93f ./Drivers/STM32G4xx_HAL_Driver/Src/stm32g4xx_hal_pwr_ex.o
 .debug_info    0x000072fb      0xb82 ./Drivers/STM32G4xx_HAL_Driver/Src/stm32g4xx_hal_rcc.o
 .debug_info    0x00007e7d      0xc39 ./Drivers/STM32G4xx_HAL_Driver/Src/stm32g4xx_hal_rcc_ex.o
 .debug_info    0x00008ab6     0x481e ./Drivers/STM32G4xx_HAL_Driver/Src/stm32g4xx_hal_uart.o
 .debug_info    0x0000d2d4      0xfdd ./Drivers/STM32G4xx_HAL_Driver/Src/stm32g4xx_hal_uart_ex.o

.debug_abbrev   0x00000000     0x2508
 .debug_abbrev  0x00000000      0x3ba ./Core/Src/main.o
 .debug_abbrev  0x000003ba      0x201 ./Core/Src/stm32g4xx_hal_msp.o
 .debug_abbrev  0x000005bb       0xa0 ./Core/Src/stm32g4xx_it.o
 .debug_abbrev  0x0000065b      0x11a ./Core/Src/system_stm32g4xx.o
 .debug_abbrev  0x00000775       0x24 ./Core/Startup/startup_stm32g491retx.o
 .debug_abbrev  0x00000799      0x271 ./Drivers/STM32G4xx_HAL_Driver/Src/stm32g4xx_hal.o
 .debug_abbrev  0x00000a0a      0x31c ./Drivers/STM32G4xx_HAL_Driver/Src/stm32g4xx_hal_cortex.o
 .debug_abbrev  0x00000d26      0x1ee ./Drivers/STM32G4xx_HAL_Driver/Src/stm32g4xx_hal_crc.o
 .debug_abbrev  0x00000f14      0x151 ./Drivers/STM32G4xx_HAL_Driver/Src/stm32g4xx_hal_crc_ex.o
 .debug_abbrev  0x00001065      0x325 ./Drivers/STM32G4xx_HAL_Driver/Src/stm32g4xx_hal_flash.o
 .debug_abbrev  0x0000138a      0x290 ./Drivers/STM32G4xx_HAL_Driver/Src/stm32g4xx_hal_flash_ex.o
 .debug_abbrev  0x0000161a      0x1cb ./Drivers/STM32G4xx_HAL_Driver/Src/stm32g4xx_hal_gpio.o
 .debug_abbrev  0x000017e5      0x22c ./Drivers/STM32G4xx_HAL_Driver/Src/stm32g4xx_hal_pwr_ex.o
 .debug_abbrev  0x00001a11      0x2c9 ./Drivers/STM32G4xx_HAL_Driver/Src/stm32g4xx_hal_rcc.o
 .debug_abbrev  0x00001cda      0x258 ./Drivers/STM32G4xx_HAL_Driver/Src/stm32g4xx_hal_rcc_ex.o
 .debug_abbrev  0x00001f32      0x304 ./Drivers/STM32G4xx_HAL_Driver/Src/stm32g4xx_hal_uart.o
 .debug_abbrev  0x00002236      0x2d2 ./Drivers/STM32G4xx_HAL_Driver/Src/stm32g4xx_hal_uart_ex.o

.debug_aranges  0x00000000      0xbe0
 .debug_aranges
                0x00000000       0xd8 ./Core/Src/main.o
 .debug_aranges
                0x000000d8       0x40 ./Core/Src/stm32g4xx_hal_msp.o
 .debug_aranges
                0x00000118       0x68 ./Core/Src/stm32g4xx_it.o
 .debug_aranges
                0x00000180       0x28 ./Core/Src/system_stm32g4xx.o
 .debug_aranges
                0x000001a8       0x28 ./Core/Startup/startup_stm32g491retx.o
 .debug_aranges
                0x000001d0      0x148 ./Drivers/STM32G4xx_HAL_Driver/Src/stm32g4xx_hal.o
 .debug_aranges
                0x00000318      0x118 ./Drivers/STM32G4xx_HAL_Driver/Src/stm32g4xx_hal_cortex.o
 .debug_aranges
                0x00000430       0x60 ./Drivers/STM32G4xx_HAL_Driver/Src/stm32g4xx_hal_crc.o
 .debug_aranges
                0x00000490       0x30 ./Drivers/STM32G4xx_HAL_Driver/Src/stm32g4xx_hal_crc_ex.o
 .debug_aranges
                0x000004c0       0x88 ./Drivers/STM32G4xx_HAL_Driver/Src/stm32g4xx_hal_flash.o
 .debug_aranges
                0x00000548       0xc8 ./Drivers/STM32G4xx_HAL_Driver/Src/stm32g4xx_hal_flash_ex.o
 .debug_aranges
                0x00000610       0x58 ./Drivers/STM32G4xx_HAL_Driver/Src/stm32g4xx_hal_gpio.o
 .debug_aranges
                0x00000668      0x140 ./Drivers/STM32G4xx_HAL_Driver/Src/stm32g4xx_hal_pwr_ex.o
 .debug_aranges
                0x000007a8       0x98 ./Drivers/STM32G4xx_HAL_Driver/Src/stm32g4xx_hal_rcc.o
 .debug_aranges
                0x00000840       0xb0 ./Drivers/STM32G4xx_HAL_Driver/Src/stm32g4xx_hal_rcc_ex.o
 .debug_aranges
                0x000008f0      0x248 ./Drivers/STM32G4xx_HAL_Driver/Src/stm32g4xx_hal_uart.o
 .debug_aranges
                0x00000b38       0xa8 ./Drivers/STM32G4xx_HAL_Driver/Src/stm32g4xx_hal_uart_ex.o

.debug_rnglists
                0x00000000      0x916
 .debug_rnglists
                0x00000000       0xa7 ./Core/Src/main.o
 .debug_rnglists
                0x000000a7       0x2c ./Core/Src/stm32g4xx_hal_msp.o
 .debug_rnglists
                0x000000d3       0x49 ./Core/Src/stm32g4xx_it.o
 .debug_rnglists
                0x0000011c       0x1a ./Core/Src/system_stm32g4xx.o
 .debug_rnglists
                0x00000136       0x19 ./Core/Startup/startup_stm32g491retx.o
 .debug_rnglists
                0x0000014f       0xf1 ./Drivers/STM32G4xx_HAL_Driver/Src/stm32g4xx_hal.o
 .debug_rnglists
                0x00000240       0xce ./Drivers/STM32G4xx_HAL_Driver/Src/stm32g4xx_hal_cortex.o
 .debug_rnglists
                0x0000030e       0x47 ./Drivers/STM32G4xx_HAL_Driver/Src/stm32g4xx_hal_crc.o
 .debug_rnglists
                0x00000355       0x20 ./Drivers/STM32G4xx_HAL_Driver/Src/stm32g4xx_hal_crc_ex.o
 .debug_rnglists
                0x00000375       0x65 ./Drivers/STM32G4xx_HAL_Driver/Src/stm32g4xx_hal_flash.o
 .debug_rnglists
                0x000003da       0x98 ./Drivers/STM32G4xx_HAL_Driver/Src/stm32g4xx_hal_flash_ex.o
 .debug_rnglists
                0x00000472       0x3f ./Drivers/STM32G4xx_HAL_Driver/Src/stm32g4xx_hal_gpio.o
 .debug_rnglists
                0x000004b1       0xf1 ./Drivers/STM32G4xx_HAL_Driver/Src/stm32g4xx_hal_pwr_ex.o
 .debug_rnglists
                0x000005a2       0x74 ./Drivers/STM32G4xx_HAL_Driver/Src/stm32g4xx_hal_rcc.o
 .debug_rnglists
                0x00000616       0x87 ./Drivers/STM32G4xx_HAL_Driver/Src/stm32g4xx_hal_rcc_ex.o
 .debug_rnglists
                0x0000069d      0x1fa ./Drivers/STM32G4xx_HAL_Driver/Src/stm32g4xx_hal_uart.o
 .debug_rnglists
                0x00000897       0x7f ./Drivers/STM32G4xx_HAL_Driver/Src/stm32g4xx_hal_uart_ex.o

.debug_macro    0x00000000    0x1e157
 .debug_macro   0x00000000      0x2d0 ./Core/Src/main.o
 .debug_macro   0x000002d0      0xab4 ./Core/Src/main.o
 .debug_macro   0x00000d84      0x15b ./Core/Src/main.o
 .debug_macro   0x00000edf       0x2e ./Core/Src/main.o
 .debug_macro   0x00000f0d       0x28 ./Core/Src/main.o
 .debug_macro   0x00000f35       0x22 ./Core/Src/main.o
 .debug_macro   0x00000f57       0x8e ./Core/Src/main.o
 .debug_macro   0x00000fe5       0x51 ./Core/Src/main.o
 .debug_macro   0x00001036      0x103 ./Core/Src/main.o
 .debug_macro   0x00001139       0x6a ./Core/Src/main.o
 .debug_macro   0x000011a3      0x1df ./Core/Src/main.o
 .debug_macro   0x00001382       0x1c ./Core/Src/main.o
 .debug_macro   0x0000139e       0x22 ./Core/Src/main.o
 .debug_macro   0x000013c0       0xfb ./Core/Src/main.o
 .debug_macro   0x000014bb     0x1011 ./Core/Src/main.o
 .debug_macro   0x000024cc      0x11f ./Core/Src/main.o
 .debug_macro   0x000025eb    0x11e40 ./Core/Src/main.o
 .debug_macro   0x0001442b       0x6d ./Core/Src/main.o
 .debug_macro   0x00014498     0x354d ./Core/Src/main.o
 .debug_macro   0x000179e5      0x189 ./Core/Src/main.o
 .debug_macro   0x00017b6e       0x5c ./Core/Src/main.o
 .debug_macro   0x00017bca     0x1535 ./Core/Src/main.o
 .debug_macro   0x000190ff      0x5cf ./Core/Src/main.o
 .debug_macro   0x000196ce      0x1b6 ./Core/Src/main.o
 .debug_macro   0x00019884      0x2d0 ./Core/Src/main.o
 .debug_macro   0x00019b54      0x4a2 ./Core/Src/main.o
 .debug_macro   0x00019ff6      0x18b ./Core/Src/main.o
 .debug_macro   0x0001a181       0x43 ./Core/Src/main.o
 .debug_macro   0x0001a1c4      0x23d ./Core/Src/main.o
 .debug_macro   0x0001a401       0xc7 ./Core/Src/main.o
 .debug_macro   0x0001a4c8       0x4c ./Core/Src/main.o
 .debug_macro   0x0001a514      0x211 ./Core/Src/main.o
 .debug_macro   0x0001a725      0x416 ./Core/Src/main.o
 .debug_macro   0x0001ab3b      0x10e ./Core/Src/main.o
 .debug_macro   0x0001ac49      0x122 ./Core/Src/main.o
 .debug_macro   0x0001ad6b      0x3d1 ./Core/Src/main.o
 .debug_macro   0x0001b13c      0x693 ./Core/Src/main.o
 .debug_macro   0x0001b7cf       0xa6 ./Core/Src/main.o
 .debug_macro   0x0001b875      0x321 ./Core/Src/main.o
 .debug_macro   0x0001bb96      0x107 ./Core/Src/main.o
 .debug_macro   0x0001bc9d       0x58 ./Core/Src/main.o
 .debug_macro   0x0001bcf5       0x61 ./Core/Src/main.o
 .debug_macro   0x0001bd56       0x2a ./Core/Src/main.o
 .debug_macro   0x0001bd80       0x43 ./Core/Src/main.o
 .debug_macro   0x0001bdc3       0x34 ./Core/Src/main.o
 .debug_macro   0x0001bdf7       0x16 ./Core/Src/main.o
 .debug_macro   0x0001be0d       0x43 ./Core/Src/main.o
 .debug_macro   0x0001be50       0x34 ./Core/Src/main.o
 .debug_macro   0x0001be84       0x10 ./Core/Src/main.o
 .debug_macro   0x0001be94       0x58 ./Core/Src/main.o
 .debug_macro   0x0001beec       0x8e ./Core/Src/main.o
 .debug_macro   0x0001bf7a       0x1c ./Core/Src/main.o
 .debug_macro   0x0001bf96      0x177 ./Core/Src/main.o
 .debug_macro   0x0001c10d      0x369 ./Core/Src/main.o
 .debug_macro   0x0001c476       0x10 ./Core/Src/main.o
 .debug_macro   0x0001c486       0x35 ./Core/Src/main.o
 .debug_macro   0x0001c4bb       0x20 ./Core/Src/main.o
 .debug_macro   0x0001c4db      0x1e1 ./Core/Src/stm32g4xx_hal_msp.o
 .debug_macro   0x0001c6bc      0x1eb ./Core/Src/stm32g4xx_it.o
 .debug_macro   0x0001c8a7      0x1e0 ./Core/Src/system_stm32g4xx.o
 .debug_macro   0x0001ca87      0x21c ./Drivers/STM32G4xx_HAL_Driver/Src/stm32g4xx_hal.o
 .debug_macro   0x0001cca3      0x1ce ./Drivers/STM32G4xx_HAL_Driver/Src/stm32g4xx_hal_cortex.o
 .debug_macro   0x0001ce71      0x1ce ./Drivers/STM32G4xx_HAL_Driver/Src/stm32g4xx_hal_crc.o
 .debug_macro   0x0001d03f      0x1ce ./Drivers/STM32G4xx_HAL_Driver/Src/stm32g4xx_hal_crc_ex.o
 .debug_macro   0x0001d20d      0x1d4 ./Drivers/STM32G4xx_HAL_Driver/Src/stm32g4xx_hal_flash.o
 .debug_macro   0x0001d3e1      0x1ce ./Drivers/STM32G4xx_HAL_Driver/Src/stm32g4xx_hal_flash_ex.o
 .debug_macro   0x0001d5af      0x1d5 ./Drivers/STM32G4xx_HAL_Driver/Src/stm32g4xx_hal_gpio.o
 .debug_macro   0x0001d784      0x1f8 ./Drivers/STM32G4xx_HAL_Driver/Src/stm32g4xx_hal_pwr_ex.o
 .debug_macro   0x0001d97c      0x210 ./Drivers/STM32G4xx_HAL_Driver/Src/stm32g4xx_hal_rcc.o
 .debug_macro   0x0001db8c      0x1f8 ./Drivers/STM32G4xx_HAL_Driver/Src/stm32g4xx_hal_rcc_ex.o
 .debug_macro   0x0001dd84      0x1f9 ./Drivers/STM32G4xx_HAL_Driver/Src/stm32g4xx_hal_uart.o
 .debug_macro   0x0001df7d      0x1da ./Drivers/STM32G4xx_HAL_Driver/Src/stm32g4xx_hal_uart_ex.o

.debug_line     0x00000000     0xef87
 .debug_line    0x00000000      0xe88 ./Core/Src/main.o
 .debug_line    0x00000e88      0x801 ./Core/Src/stm32g4xx_hal_msp.o
 .debug_line    0x00001689      0x844 ./Core/Src/stm32g4xx_it.o
 .debug_line    0x00001ecd      0x7e2 ./Core/Src/system_stm32g4xx.o
 .debug_line    0x000026af       0x7b ./Core/Startup/startup_stm32g491retx.o
 .debug_line    0x0000272a      0xb92 ./Drivers/STM32G4xx_HAL_Driver/Src/stm32g4xx_hal.o
 .debug_line    0x000032bc      0xcfb ./Drivers/STM32G4xx_HAL_Driver/Src/stm32g4xx_hal_cortex.o
 .debug_line    0x00003fb7      0xaaa ./Drivers/STM32G4xx_HAL_Driver/Src/stm32g4xx_hal_crc.o
 .debug_line    0x00004a61      0x826 ./Drivers/STM32G4xx_HAL_Driver/Src/stm32g4xx_hal_crc_ex.o
 .debug_line    0x00005287      0xb44 ./Drivers/STM32G4xx_HAL_Driver/Src/stm32g4xx_hal_flash.o
 .debug_line    0x00005dcb      0xdc8 ./Drivers/STM32G4xx_HAL_Driver/Src/stm32g4xx_hal_flash_ex.o
 .debug_line    0x00006b93      0xbab ./Drivers/STM32G4xx_HAL_Driver/Src/stm32g4xx_hal_gpio.o
 .debug_line    0x0000773e      0xd01 ./Drivers/STM32G4xx_HAL_Driver/Src/stm32g4xx_hal_pwr_ex.o
 .debug_line    0x0000843f      0xf5d ./Drivers/STM32G4xx_HAL_Driver/Src/stm32g4xx_hal_rcc.o
 .debug_line    0x0000939c     0x122d ./Drivers/STM32G4xx_HAL_Driver/Src/stm32g4xx_hal_rcc_ex.o
 .debug_line    0x0000a5c9     0x3c06 ./Drivers/STM32G4xx_HAL_Driver/Src/stm32g4xx_hal_uart.o
 .debug_line    0x0000e1cf      0xdb8 ./Drivers/STM32G4xx_HAL_Driver/Src/stm32g4xx_hal_uart_ex.o

.debug_str      0x00000000    0xbe103
 .debug_str     0x00000000    0xbb1a5 ./Core/Src/main.o
                              0xbb581 (size before relaxing)
 .debug_str     0x000bb1a5      0x275 ./Core/Src/stm32g4xx_hal_msp.o
                              0xb77be (size before relaxing)
 .debug_str     0x000bb41a       0xf7 ./Core/Src/stm32g4xx_it.o
                              0xb6d7d (size before relaxing)
 .debug_str     0x000bb511      0x118 ./Core/Src/system_stm32g4xx.o
                              0xb6bd0 (size before relaxing)
 .debug_str     0x000bb629       0x44 ./Core/Startup/startup_stm32g491retx.o
                                 0x7c (size before relaxing)
 .debug_str     0x000bb66d      0x5dc ./Drivers/STM32G4xx_HAL_Driver/Src/stm32g4xx_hal.o
                              0xb7787 (size before relaxing)
 .debug_str     0x000bbc49      0x331 ./Drivers/STM32G4xx_HAL_Driver/Src/stm32g4xx_hal_cortex.o
                              0xb740b (size before relaxing)
 .debug_str     0x000bbf7a       0xbe ./Drivers/STM32G4xx_HAL_Driver/Src/stm32g4xx_hal_crc.o
                              0xb6c33 (size before relaxing)
 .debug_str     0x000bc038       0x69 ./Drivers/STM32G4xx_HAL_Driver/Src/stm32g4xx_hal_crc_ex.o
                              0xb6bd9 (size before relaxing)
 .debug_str     0x000bc0a1      0x3a9 ./Drivers/STM32G4xx_HAL_Driver/Src/stm32g4xx_hal_flash.o
                              0xb6e1c (size before relaxing)
 .debug_str     0x000bc44a      0x231 ./Drivers/STM32G4xx_HAL_Driver/Src/stm32g4xx_hal_flash_ex.o
                              0xb6f1a (size before relaxing)
 .debug_str     0x000bc67b       0xf9 ./Drivers/STM32G4xx_HAL_Driver/Src/stm32g4xx_hal_gpio.o
                              0xb6d07 (size before relaxing)
 .debug_str     0x000bc774      0x4a5 ./Drivers/STM32G4xx_HAL_Driver/Src/stm32g4xx_hal_pwr_ex.o
                              0xb706a (size before relaxing)
 .debug_str     0x000bcc19      0x493 ./Drivers/STM32G4xx_HAL_Driver/Src/stm32g4xx_hal_rcc.o
                              0xb7275 (size before relaxing)
 .debug_str     0x000bd0ac      0x414 ./Drivers/STM32G4xx_HAL_Driver/Src/stm32g4xx_hal_rcc_ex.o
                              0xb72b2 (size before relaxing)
 .debug_str     0x000bd4c0      0x9d8 ./Drivers/STM32G4xx_HAL_Driver/Src/stm32g4xx_hal_uart.o
                              0xb7b37 (size before relaxing)
 .debug_str     0x000bde98      0x26b ./Drivers/STM32G4xx_HAL_Driver/Src/stm32g4xx_hal_uart_ex.o
                              0xb7335 (size before relaxing)

.comment        0x00000000       0x43
 .comment       0x00000000       0x43 ./Core/Src/main.o
                                 0x44 (size before relaxing)
 .comment       0x00000043       0x44 ./Core/Src/stm32g4xx_hal_msp.o
 .comment       0x00000043       0x44 ./Core/Src/stm32g4xx_it.o
 .comment       0x00000043       0x44 ./Core/Src/system_stm32g4xx.o
 .comment       0x00000043       0x44 ./Drivers/STM32G4xx_HAL_Driver/Src/stm32g4xx_hal.o
 .comment       0x00000043       0x44 ./Drivers/STM32G4xx_HAL_Driver/Src/stm32g4xx_hal_cortex.o
 .comment       0x00000043       0x44 ./Drivers/STM32G4xx_HAL_Driver/Src/stm32g4xx_hal_crc.o
 .comment       0x00000043       0x44 ./Drivers/STM32G4xx_HAL_Driver/Src/stm32g4xx_hal_crc_ex.o
 .comment       0x00000043       0x44 ./Drivers/STM32G4xx_HAL_Driver/Src/stm32g4xx_hal_flash.o
 .comment       0x00000043       0x44 ./Drivers/STM32G4xx_HAL_Driver/Src/stm32g4xx_hal_flash_ex.o
 .comment       0x00000043       0x44 ./Drivers/STM32G4xx_HAL_Driver/Src/stm32g4xx_hal_gpio.o
 .comment       0x00000043       0x44 ./Drivers/STM32G4xx_HAL_Driver/Src/stm32g4xx_hal_pwr_ex.o
 .comment       0x00000043       0x44 ./Drivers/STM32G4xx_HAL_Driver/Src/stm32g4xx_hal_rcc.o
 .comment       0x00000043       0x44 ./Drivers/STM32G4xx_HAL_Driver/Src/stm32g4xx_hal_rcc_ex.o
 .comment       0x00000043       0x44 ./Drivers/STM32G4xx_HAL_Driver/Src/stm32g4xx_hal_uart.o
 .comment       0x00000043       0x44 ./Drivers/STM32G4xx_HAL_Driver/Src/stm32g4xx_hal_uart_ex.o

.debug_frame    0x00000000     0x2fc8
 .debug_frame   0x00000000      0x368 ./Core/Src/main.o
 .debug_frame   0x00000368       0xd0 ./Core/Src/stm32g4xx_hal_msp.o
 .debug_frame   0x00000438      0x120 ./Core/Src/stm32g4xx_it.o
 .debug_frame   0x00000558       0x58 ./Core/Src/system_stm32g4xx.o
 .debug_frame   0x000005b0      0x500 ./Drivers/STM32G4xx_HAL_Driver/Src/stm32g4xx_hal.o
 .debug_frame   0x00000ab0      0x498 ./Drivers/STM32G4xx_HAL_Driver/Src/stm32g4xx_hal_cortex.o
 .debug_frame   0x00000f48      0x168 ./Drivers/STM32G4xx_HAL_Driver/Src/stm32g4xx_hal_crc.o
 .debug_frame   0x000010b0       0x88 ./Drivers/STM32G4xx_HAL_Driver/Src/stm32g4xx_hal_crc_ex.o
 .debug_frame   0x00001138      0x21c ./Drivers/STM32G4xx_HAL_Driver/Src/stm32g4xx_hal_flash.o
 .debug_frame   0x00001354      0x344 ./Drivers/STM32G4xx_HAL_Driver/Src/stm32g4xx_hal_flash_ex.o
 .debug_frame   0x00001698      0x14c ./Drivers/STM32G4xx_HAL_Driver/Src/stm32g4xx_hal_gpio.o
 .debug_frame   0x000017e4      0x4fc ./Drivers/STM32G4xx_HAL_Driver/Src/stm32g4xx_hal_pwr_ex.o
 .debug_frame   0x00001ce0      0x23c ./Drivers/STM32G4xx_HAL_Driver/Src/stm32g4xx_hal_rcc.o
 .debug_frame   0x00001f1c      0x2ac ./Drivers/STM32G4xx_HAL_Driver/Src/stm32g4xx_hal_rcc_ex.o
 .debug_frame   0x000021c8      0xa94 ./Drivers/STM32G4xx_HAL_Driver/Src/stm32g4xx_hal_uart.o
 .debug_frame   0x00002c5c      0x2c0 ./Drivers/STM32G4xx_HAL_Driver/Src/stm32g4xx_hal_uart_ex.o
 .debug_frame   0x00002f1c       0x20 C:/ST/STM32CubeIDE_1.15.0/STM32CubeIDE/plugins/com.st.stm32cube.ide.mcu.externaltools.gnu-tools-for-stm32.12.3.rel1.win32_1.0.100.202403111256/tools/bin/../lib/gcc/arm-none-eabi/12.3.1/../../../../arm-none-eabi/lib/thumb/v7e-m+fp/hard\libc_nano.a(libc_a-memset.o)
 .debug_frame   0x00002f3c       0x2c C:/ST/STM32CubeIDE_1.15.0/STM32CubeIDE/plugins/com.st.stm32cube.ide.mcu.externaltools.gnu-tools-for-stm32.12.3.rel1.win32_1.0.100.202403111256/tools/bin/../lib/gcc/arm-none-eabi/12.3.1/../../../../arm-none-eabi/lib/thumb/v7e-m+fp/hard\libc_nano.a(libc_a-init.o)
 .debug_frame   0x00002f68       0x2c C:/ST/STM32CubeIDE_1.15.0/STM32CubeIDE/plugins/com.st.stm32cube.ide.mcu.externaltools.gnu-tools-for-stm32.12.3.rel1.win32_1.0.100.202403111256/tools/bin/../lib/gcc/arm-none-eabi/12.3.1/thumb/v7e-m+fp/hard\libgcc.a(_aeabi_uldivmod.o)
 .debug_frame   0x00002f94       0x34 C:/ST/STM32CubeIDE_1.15.0/STM32CubeIDE/plugins/com.st.stm32cube.ide.mcu.externaltools.gnu-tools-for-stm32.12.3.rel1.win32_1.0.100.202403111256/tools/bin/../lib/gcc/arm-none-eabi/12.3.1/thumb/v7e-m+fp/hard\libgcc.a(_udivmoddi4.o)

.debug_line_str
                0x00000000       0x60
 .debug_line_str
                0x00000000       0x60 ./Core/Startup/startup_stm32g491retx.o
