17:07:42 **** Incremental Build of configuration Debug for project Bootloader ****
make -j12 all 
arm-none-eabi-gcc "../Core/Src/main.c" -mcpu=cortex-m4 -std=gnu11 -g3 -DDEBUG -DUSE_HAL_DRIVER -DSTM32G491xx -c -I../Core/Inc -I../Drivers/STM32G4xx_HAL_Driver/Inc -I../Drivers/STM32G4xx_HAL_Driver/Inc/Legacy -I../Drivers/CMSIS/Device/ST/STM32G4xx/Include -I../Drivers/CMSIS/Include -O0 -ffunction-sections -fdata-sections -Wall -fstack-usage -fcyclomatic-complexity -MMD -MP -MF"Core/Src/main.d" -MT"Core/Src/main.o" --specs=nano.specs -mfpu=fpv4-sp-d16 -mfloat-abi=hard -mthumb -o "Core/Src/main.o"
arm-none-eabi-gcc "../Core/Src/stm32g4xx_hal_msp.c" -mcpu=cortex-m4 -std=gnu11 -g3 -DDEBUG -DUSE_HAL_DRIVER -DSTM32G491xx -c -I../Core/Inc -I../Drivers/STM32G4xx_HAL_Driver/Inc -I../Drivers/STM32G4xx_HAL_Driver/Inc/Legacy -I../Drivers/CMSIS/Device/ST/STM32G4xx/Include -I../Drivers/CMSIS/Include -O0 -ffunction-sections -fdata-sections -Wall -fstack-usage -fcyclomatic-complexity -MMD -MP -MF"Core/Src/stm32g4xx_hal_msp.d" -MT"Core/Src/stm32g4xx_hal_msp.o" --specs=nano.specs -mfpu=fpv4-sp-d16 -mfloat-abi=hard -mthumb -o "Core/Src/stm32g4xx_hal_msp.o"
arm-none-eabi-gcc "../Core/Src/stm32g4xx_it.c" -mcpu=cortex-m4 -std=gnu11 -g3 -DDEBUG -DUSE_HAL_DRIVER -DSTM32G491xx -c -I../Core/Inc -I../Drivers/STM32G4xx_HAL_Driver/Inc -I../Drivers/STM32G4xx_HAL_Driver/Inc/Legacy -I../Drivers/CMSIS/Device/ST/STM32G4xx/Include -I../Drivers/CMSIS/Include -O0 -ffunction-sections -fdata-sections -Wall -fstack-usage -fcyclomatic-complexity -MMD -MP -MF"Core/Src/stm32g4xx_it.d" -MT"Core/Src/stm32g4xx_it.o" --specs=nano.specs -mfpu=fpv4-sp-d16 -mfloat-abi=hard -mthumb -o "Core/Src/stm32g4xx_it.o"
../Core/Src/main.c: In function 'printf_uart':
../Core/Src/main.c:77:5: warning: implicit declaration of function 'vsnprintf' [-Wimplicit-function-declaration]
   77 |     vsnprintf(buffer, sizeof(buffer), format, args);
      |     ^~~~~~~~~
../Core/Src/main.c:23:1: note: include '<stdio.h>' or provide a declaration of 'vsnprintf'
   22 | #include <string.h>
  +++ |+#include <stdio.h>
   23 | 
../Core/Src/main.c: In function 'bootloader_handle_mem_write_cmd':
../Core/Src/main.c:618:17: warning: variable 'chksum' set but not used [-Wunused-but-set-variable]
  618 |         uint8_t chksum =0, len=0;
      |                 ^~~~~~
../Core/Src/main.c:616:17: warning: unused variable 'addr_valid' [-Wunused-variable]
  616 |         uint8_t addr_valid = ADDR_VALID;
      |                 ^~~~~~~~~~
arm-none-eabi-gcc -o "Bootloader.elf" @"objects.list"   -mcpu=cortex-m4 -T"C:\Users\stava\STM32CubeIDE\Bootloader\Bootloader\STM32G491RETX_FLASH.ld" --specs=nosys.specs -Wl,-Map="Bootloader.map" -Wl,--gc-sections -static --specs=nano.specs -mfpu=fpv4-sp-d16 -mfloat-abi=hard -mthumb -Wl,--start-group -lc -lm -Wl,--end-group
Finished building target: Bootloader.elf
 
arm-none-eabi-size  Bootloader.elf 
arm-none-eabi-objdump -h -S Bootloader.elf  > "Bootloader.list"
   text	   data	    bss	    dec	    hex	filename
  14332	     12	   1956	  16300	   3fac	Bootloader.elf
Finished building: default.size.stdout
 
Finished building: Bootloader.list
 
17:07:53 **** Incremental Build of configuration Debug for project Bootloader ****
make -j12 all 
arm-none-eabi-size  Bootloader.elf 
   text	   data	    bss	    dec	    hex	filename
  14332	     12	   1956	  16300	   3fac	Bootloader.elf
Finished building: default.size.stdout
 
17:09:07 **** Incremental Build of configuration Debug for project Bootloader ****
make -j12 all 
arm-none-eabi-gcc "../Core/Src/main.c" -mcpu=cortex-m4 -std=gnu11 -g3 -DDEBUG -DUSE_HAL_DRIVER -DSTM32G491xx -c -I../Core/Inc -I../Drivers/STM32G4xx_HAL_Driver/Inc -I../Drivers/STM32G4xx_HAL_Driver/Inc/Legacy -I../Drivers/CMSIS/Device/ST/STM32G4xx/Include -I../Drivers/CMSIS/Include -O0 -ffunction-sections -fdata-sections -Wall -fstack-usage -fcyclomatic-complexity -MMD -MP -MF"Core/Src/main.d" -MT"Core/Src/main.o" --specs=nano.specs -mfpu=fpv4-sp-d16 -mfloat-abi=hard -mthumb -o "Core/Src/main.o"
../Core/Src/main.c: In function 'printf_uart':
../Core/Src/main.c:77:5: warning: implicit declaration of function 'vsnprintf' [-Wimplicit-function-declaration]
   77 |     vsnprintf(buffer, sizeof(buffer), format, args);
      |     ^~~~~~~~~
../Core/Src/main.c:23:1: note: include '<stdio.h>' or provide a declaration of 'vsnprintf'
   22 | #include <string.h>
  +++ |+#include <stdio.h>
   23 | 
../Core/Src/main.c: In function 'bootloader_handle_mem_write_cmd':
../Core/Src/main.c:618:17: warning: variable 'chksum' set but not used [-Wunused-but-set-variable]
  618 |         uint8_t chksum =0, len=0;
      |                 ^~~~~~
../Core/Src/main.c:616:17: warning: unused variable 'addr_valid' [-Wunused-variable]
  616 |         uint8_t addr_valid = ADDR_VALID;
      |                 ^~~~~~~~~~
arm-none-eabi-gcc -o "Bootloader.elf" @"objects.list"   -mcpu=cortex-m4 -T"C:\Users\stava\STM32CubeIDE\Bootloader\Bootloader\STM32G491RETX_FLASH.ld" --specs=nosys.specs -Wl,-Map="Bootloader.map" -Wl,--gc-sections -static --specs=nano.specs -mfpu=fpv4-sp-d16 -mfloat-abi=hard -mthumb -Wl,--start-group -lc -lm -Wl,--end-group
Finished building target: Bootloader.elf
 
arm-none-eabi-size  Bootloader.elf 
arm-none-eabi-objdump -h -S Bootloader.elf  > "Bootloader.list"
   text	   data	    bss	    dec	    hex	filename
  16604	     44	   1956	  18604	   48ac	Bootloader.elf
Finished building: default.size.stdout
 
Finished building: Bootloader.list
 
